components/CommandCenterView.tsx(180,17): error TS2304: Cannot find name 'onCloseContext'.
components/CommandCenterView.tsx(180,33): error TS2304: Cannot find name 'onCloseContext'.
components/CommandCenterView.tsx(237,45): error TS2304: Cannot find name 'onCloseContext'.
components/CommandCenterView.tsx(237,61): error TS2304: Cannot find name 'onCloseContext'.
components/IntelligenceHub.tsx(1193,25): error TS2820: Type '"In-Progress"' is not assignable to type '"Closed" | "Critical" | "Open" | "Handoff_Pending" | "In_Progress" | "Recovered"'. Did you mean '"In_Progress"'?
components/IntelligenceHub.tsx(1199,27): error TS2304: Cannot find name 'saveWorkItem'.
components/IntelligenceHub.tsx(1217,31): error TS2304: Cannot find name 'saveWorkItem'.
services/authService.ts(93,3): error TS2353: Object literal may only specify known properties, and ''DISPATCHER'' does not exist in type 'Partial<Record<UserRole, PermissionCode[]>>'.
services/authService.ts(143,41): error TS2304: Cannot find name 'OperatingMode'.
services/authService.ts(143,71): error TS2304: Cannot find name 'CapabilityPermission'.
services/authService.ts(381,20): error TS2304: Cannot find name 'newUser'.
services/authService.ts(383,18): error TS2304: Cannot find name 'newUser'.
services/authService.ts(463,57): error TS2304: Cannot find name 'Capability'.
services/authService.ts(543,63): error TS2345: Argument of type '"DISPATCHER"' is not assignable to parameter of type 'UserRole'.
services/dispatchIntelligence.ts(125,13): error TS2367: This comparison appears to be unintentional because the types 'LoadStatus' and '"Active"' have no overlap.
services/dispatchIntelligence.ts(134,13): error TS2367: This comparison appears to be unintentional because the types 'LoadStatus' and '"Planned"' have no overlap.
services/dispatchIntelligence.ts(222,36): error TS2339: Property 'dropoffDate' does not exist on type 'LoadData'.
services/dispatchIntelligence.ts(222,61): error TS2339: Property 'dropoffDate' does not exist on type 'LoadData'.
services/dispatchIntelligence.ts(237,9): error TS2322: Type '{ region: string; emptyTrucks: number; predictedVolume: number; riskLevel: string; }[]' is not assignable to type 'CapacityForecast[]'.
  Type '{ region: string; emptyTrucks: number; predictedVolume: number; riskLevel: string; }' is not assignable to type 'CapacityForecast'.
    Types of property 'riskLevel' are incompatible.
      Type 'string' is not assignable to type '"HIGH" | "LOW" | "MEDIUM"'.
services/dispatchIntelligence.ts(252,44): error TS2367: This comparison appears to be unintentional because the types '"Unassigned" | "Assigned" | "Dispatched" | "In-Transit" | "At_Pickup" | "Loaded" | "At_Delivery" | "Closed" | "Settled" | "Cancelled"' and '"Completed"' have no overlap.
services/dispatchIntelligence.ts(273,103): error TS2367: This comparison appears to be unintentional because the types '"Unassigned" | "Assigned" | "Dispatched" | "In-Transit" | "At_Pickup" | "Loaded" | "At_Delivery" | "Closed" | "Settled" | "Cancelled"' and '"Completed"' have no overlap.
services/financialService.ts(130,64): error TS2304: Cannot find name 'IFTATripEvidence'.
services/financialService.ts(144,51): error TS2304: Cannot find name 'IFTATripAudit'.
services/firebase.ts(9,13): error TS1343: The 'import.meta' meta-property is only allowed when the '--module' option is 'es2020', 'es2022', 'esnext', 'system', 'node16', 'node18', or 'nodenext'.
services/firebase.ts(9,25): error TS2339: Property 'env' does not exist on type 'ImportMeta'.
services/firebase.ts(10,17): error TS1343: The 'import.meta' meta-property is only allowed when the '--module' option is 'es2020', 'es2022', 'esnext', 'system', 'node16', 'node18', or 'nodenext'.
services/firebase.ts(10,29): error TS2339: Property 'env' does not exist on type 'ImportMeta'.
services/firebase.ts(11,16): error TS1343: The 'import.meta' meta-property is only allowed when the '--module' option is 'es2020', 'es2022', 'esnext', 'system', 'node16', 'node18', or 'nodenext'.
services/firebase.ts(11,28): error TS2339: Property 'env' does not exist on type 'ImportMeta'.
services/firebase.ts(12,20): error TS1343: The 'import.meta' meta-property is only allowed when the '--module' option is 'es2020', 'es2022', 'esnext', 'system', 'node16', 'node18', or 'nodenext'.
services/firebase.ts(12,32): error TS2339: Property 'env' does not exist on type 'ImportMeta'.
services/firebase.ts(13,24): error TS1343: The 'import.meta' meta-property is only allowed when the '--module' option is 'es2020', 'es2022', 'esnext', 'system', 'node16', 'node18', or 'nodenext'.
services/firebase.ts(13,36): error TS2339: Property 'env' does not exist on type 'ImportMeta'.
services/firebase.ts(14,12): error TS1343: The 'import.meta' meta-property is only allowed when the '--module' option is 'es2020', 'es2022', 'esnext', 'system', 'node16', 'node18', or 'nodenext'.
services/firebase.ts(14,24): error TS2339: Property 'env' does not exist on type 'ImportMeta'.
services/firebase.ts(15,20): error TS1343: The 'import.meta' meta-property is only allowed when the '--module' option is 'es2020', 'es2022', 'esnext', 'system', 'node16', 'node18', or 'nodenext'.
services/firebase.ts(15,32): error TS2339: Property 'env' does not exist on type 'ImportMeta'.
services/fuelService.ts(36,28): error TS2554: Expected 1 arguments, but got 0.
services/mockDataService.ts(19,56): error TS2322: Type '"Broker"' is not assignable to type '"Tow" | "Storage" | "Tire" | "Mobile Mechanic" | "Recovery" | "Hazmat" | "Legal" | "Broker partner"'.
services/mockDataService.ts(20,55): error TS2322: Type '"Carrier"' is not assignable to type '"Tow" | "Storage" | "Tire" | "Mobile Mechanic" | "Recovery" | "Hazmat" | "Legal" | "Broker partner"'.
services/mockDataService.ts(20,72): error TS2322: Type '"Active"' is not assignable to type '"Approved" | "Blocked" | "Preferred"'.
services/mockDataService.ts(21,54): error TS2322: Type '"Roadside"' is not assignable to type '"Tow" | "Storage" | "Tire" | "Mobile Mechanic" | "Recovery" | "Hazmat" | "Legal" | "Broker partner"'.
services/mockDataService.ts(21,72): error TS2820: Type '"Pre-Approved"' is not assignable to type '"Approved" | "Blocked" | "Preferred"'. Did you mean '"Approved"'?
services/mockDataService.ts(25,46): error TS2322: Type '"Customer_Support"' is not assignable to type '"Broker" | "Emergency" | "Customer" | "Shipper" | "Receiver" | "Provider" | "Internal"'.
services/mockDataService.ts(34,204): error TS2353: Object literal may only specify known properties, and 'phone' does not exist in type 'User'.
services/mockDataService.ts(35,243): error TS2353: Object literal may only specify known properties, and 'phone' does not exist in type 'User'.
services/mockDataService.ts(64,13): error TS2353: Object literal may only specify known properties, and 'telemetry' does not exist in type 'LoadData'.
services/mockDataService.ts(71,38): error TS2554: Expected 2 arguments, but got 1.
services/mockDataService.ts(74,11): error TS2739: Type '{ id: string; loadId: string; type: "Breakdown"; status: "Open"; severity: "Critical"; reportedAt: string; description: string; location: { lat: number; lng: number; address: string; }; timeline: { id: string; timestamp: string; actorName: string; action: string; notes: string; }[]; billingItems: undefined[]; }' is missing the following properties from type 'Incident': slaDeadline, serviceTickets, isAtRisk
services/mockDataService.ts(122,9): error TS2353: Object literal may only specify known properties, and 'vendorId' does not exist in type 'ServiceTicket'.
services/mockDataService.ts(132,13): error TS2353: Object literal may only specify known properties, and 'companyId' does not exist in type 'OperationalTask'.
services/safetyService.ts(124,125): error TS2367: This comparison appears to be unintentional because the types '"Unassigned" | "Assigned" | "Dispatched" | "In-Transit" | "At_Pickup" | "Loaded" | "At_Delivery" | "Closed" | "Settled" | "Cancelled"' and '"Invoiced"' have no overlap.
services/storageService.ts(328,9): error TS2739: Type '{ id: string; companyId: string; loadNumber: string; status: "Unassigned"; carrierRate: number; driverPay: number; pickup: { city: string; state: string; facilityName?: string; }; dropoff: { city: string; state: string; facilityName?: string; }; pickupDate: string; freightType: FreightType; createdAt: number; versio...' is missing the following properties from type 'LoadData': driverId, legs
services/storageService.ts(582,7): error TS2322: Type '"Motor Breakdown"' is not assignable to type 'IncidentType'.
services/storageService.ts(596,7): error TS2322: Type '"Hours of Service Risk"' is not assignable to type 'IncidentType'.
services/storageService.ts(1541,9): error TS2741: Property 'requestedAt' is missing in type '{ id: string; type: "REPOWER"; status: "PENDING_APPROVAL"; priority: "HIGH"; currency: string; requiresDocs: false; links: { id: string; entityType: "LOAD"; entityId: string; isPrimary: true; createdAt: string; createdBy: string; }[]; ... 5 more ...; decisionLog: undefined[]; }' but required in type 'KCIRequest'.
